[2026-08-24 14:15:31] main.py stopped. Exit code = 1
[2026-08-24 14:15:31] Restarting in 5 seconds...
[2026-08-24 14:15:36] Starting main.py with: C:\Users\Niran_t\Desktop\file_work\ProjectDetection\Motion-Detector\venv\Scripts\python.exe
[2026-08-24 14:15:46] main.py stopped. Exit code = 1
[2026-08-24 14:15:46] Restarting in 5 seconds...
[2026-08-24 14:15:51] Starting main.py with: C:\Users\Niran_t\Desktop\file_work\ProjectDetection\Motion-Detector\venv\Scripts\python.exe
[2026-08-24 14:16:01] main.py stopped. Exit code = 1
[2026-08-24 14:16:01] Restarting in 5 seconds...
[2026-08-24 14:16:06] Starting main.py with: C:\Users\Niran_t\Desktop\file_work\ProjectDetection\Motion-Detector\venv\Scripts\python.exe
[2026-08-24 14:16:16] main.py stopped. Exit code = 1
[2026-08-24 14:16:16] Restarting in 5 seconds...
[2026-08-24 14:16:21] Starting main.py with: C:\Users\Niran_t\Desktop\file_work\ProjectDetection\Motion-Detector\venv\Scripts\python.exe
[2026-08-24 14:16:31] main.py stopped. Exit code = 1
[2026-08-24 14:16:31] Restarting in 5 seconds...
[2026-08-24 14:16:36] Starting main.py with: C:\Users\Niran_t\Desktop\file_work\ProjectDetection\Motion-Detector\venv\Scripts\python.exe
[2026-08-24 14:16:46] main.py stopped. Exit code = 1
[2026-08-24 14:16:46] Restarting in 5 seconds...
[2026-08-24 14:16:51] Starting main.py with: C:\Users\Niran_t\Desktop\file_work\ProjectDetection\Motion-Detector\venv\Scripts\python.exe
[2026-08-24 14:17:01] main.py stopped. Exit code = 1
[2026-08-24 14:17:01] Restarting in 5 seconds...
[2026-08-24 14:17:06] Starting main.py with: C:\Users\Niran_t\Desktop\file_work\ProjectDetection\Motion-Detector\venv\Scripts\python.exe
[2026-08-24 14:17:16] main.py stopped. Exit code = 1
[2026-08-24 14:17:16] Restarting in 5 seconds...
[2026-08-24 14:17:21] Starting main.py with: C:\Users\Niran_t\Desktop\file_work\ProjectDetection\Motion-Detector\venv\Scripts\python.exe
[2026-08-24 14:17:31] main.py stopped. Exit code = 1
[2026-08-24 14:17:31] Restarting in 5 seconds...
[2026-08-24 14:17:36] Starting main.py with: C:\Users\Niran_t\Desktop\file_work\ProjectDetection\Motion-Detector\venv\Scripts\python.exe
[2026-08-24 14:17:46] main.py stopped. Exit code = 1
[2026-08-24 14:17:46] Restarting in 5 seconds...
[2026-08-24 14:17:51] Starting main.py with: C:\Users\Niran_t\Desktop\file_work\ProjectDetection\Motion-Detector\venv\Scripts\python.exe
[2026-08-24 14:18:01] main.py stopped. Exit code = 1
[2026-08-24 14:18:01] Restarting in 5 seconds...
[2026-08-24 14:18:06] Starting main.py with: C:\Users\Niran_t\Desktop\file_work\ProjectDetection\Motion-Detector\venv\Scripts\python.exe
[2026-08-24 14:18:09] Supervisor started.
[2026-08-24 14:18:09] Starting main.py with: C:\Users\Niran_t\Desktop\file_work\ProjectDetection\Motion-Detector\venv\Scripts\python.exe
[2026-08-24 14:18:16] main.py stopped. Exit code = 1
[2026-08-24 14:18:16] Restarting in 5 seconds...
[2026-08-24 14:18:21] Starting main.py with: C:\Users\Niran_t\Desktop\file_work\ProjectDetection\Motion-Detector\venv\Scripts\python.exe
[2026-08-24 14:18:31] main.py stopped. Exit code = 1
[2026-08-24 14:18:31] Restarting in 5 seconds...
[2026-08-24 14:18:36] Starting main.py with: C:\Users\Niran_t\Desktop\file_work\ProjectDetection\Motion-Detector\venv\Scripts\python.exe
[2026-08-24 14:18:46] main.py stopped. Exit code = 1
[2026-08-24 14:18:46] Restarting in 5 seconds...
[2026-08-24 14:18:51] Starting main.py with: C:\Users\Niran_t\Desktop\file_work\ProjectDetection\Motion-Detector\venv\Scripts\python.exe
[2026-08-24 14:18:58] Supervisor started.
[2026-08-24 14:18:58] Starting main.py with: C:\Users\Niran_t\Desktop\file_work\ProjectDetection\Motion-Detector\venv\Scripts\python.exe
[2026-08-24 14:19:02] main.py stopped. Exit code = 1
[2026-08-24 14:19:02] Restarting in 5 seconds...
[2026-08-24 14:19:07] Starting main.py with: C:\Users\Niran_t\Desktop\file_work\ProjectDetection\Motion-Detector\venv\Scripts\python.exe
[2026-08-24 14:19:08] main.py stopped. Exit code = 1
[2026-08-24 14:19:08] Restarting in 5 seconds...
[2026-08-24 14:19:13] Starting main.py with: C:\Users\Niran_t\Desktop\file_work\ProjectDetection\Motion-Detector\venv\Scripts\python.exe
[2026-08-24 14:19:17] main.py stopped. Exit code = 1
[2026-08-24 14:19:17] Restarting in 5 seconds...
[2026-08-24 14:19:22] Starting main.py with: C:\Users\Niran_t\Desktop\file_work\ProjectDetection\Motion-Detector\venv\Scripts\python.exe
[2026-08-24 14:19:23] main.py stopped. Exit code = 1
[2026-08-24 14:19:23] Restarting in 5 seconds...
[2026-08-24 14:19:28] Starting main.py with: C:\Users\Niran_t\Desktop\file_work\ProjectDetection\Motion-Detector\venv\Scripts\python.exe
[2026-08-24 14:19:32] main.py stopped. Exit code = 1
[2026-08-24 14:19:32] Restarting in 5 seconds...
[2026-08-24 14:19:37] Starting main.py with: C:\Users\Niran_t\Desktop\file_work\ProjectDetection\Motion-Detector\venv\Scripts\python.exe
[2026-08-24 14:19:38] main.py stopped. Exit code = 1
[2026-08-24 14:19:38] Restarting in 5 seconds...
[2026-08-24 14:19:47] main.py stopped. Exit code = 1
[2026-08-24 14:19:47] Restarting in 5 seconds...
[2026-08-24 14:19:52] Starting main.py with: C:\Users\Niran_t\Desktop\file_work\ProjectDetection\Motion-Detector\venv\Scripts\python.exe
[2026-08-24 14:20:02] main.py stopped. Exit code = 1
[2026-08-24 14:20:02] Restarting in 5 seconds...
[2026-08-24 14:20:07] Starting main.py with: C:\Users\Niran_t\Desktop\file_work\ProjectDetection\Motion-Detector\venv\Scripts\python.exe
[2026-08-24 14:20:17] main.py stopped. Exit code = 1
[2026-08-24 14:20:17] Restarting in 5 seconds...
[2026-08-24 14:20:22] Starting main.py with: C:\Users\Niran_t\Desktop\file_work\ProjectDetection\Motion-Detector\venv\Scripts\python.exe
[2026-08-24 14:20:32] main.py stopped. Exit code = 1
[2026-08-24 14:20:32] Restarting in 5 seconds...
[2026-08-24 14:20:37] Starting main.py with: C:\Users\Niran_t\Desktop\file_work\ProjectDetection\Motion-Detector\venv\Scripts\python.exe
[2026-08-24 14:20:47] main.py stopped. Exit code = 1
[2026-08-24 14:20:47] Restarting in 5 seconds...
[2026-08-24 14:20:52] Starting main.py with: C:\Users\Niran_t\Desktop\file_work\ProjectDetection\Motion-Detector\venv\Scripts\python.exe
[2026-08-24 14:21:02] main.py stopped. Exit code = 1
[2026-08-24 14:21:02] Restarting in 5 seconds...
[2026-08-24 14:21:07] Starting main.py with: C:\Users\Niran_t\Desktop\file_work\ProjectDetection\Motion-Detector\venv\Scripts\python.exe
[2026-08-24 14:21:17] main.py stopped. Exit code = 1
[2026-08-24 14:21:17] Restarting in 5 seconds...
[2026-08-24 14:21:22] Starting main.py with: C:\Users\Niran_t\Desktop\file_work\ProjectDetection\Motion-Detector\venv\Scripts\python.exe
[2026-08-24 14:21:32] main.py stopped. Exit code = 1
[2026-08-24 14:21:32] Restarting in 5 seconds...
[2026-08-24 14:21:37] Starting main.py with: C:\Users\Niran_t\Desktop\file_work\ProjectDetection\Motion-Detector\venv\Scripts\python.exe
[2026-08-24 14:21:47] main.py stopped. Exit code = 1
[2026-08-24 14:21:47] Restarting in 5 seconds...
[2026-08-24 14:21:52] Starting main.py with: C:\Users\Niran_t\Desktop\file_work\ProjectDetection\Motion-Detector\venv\Scripts\python.exe
[2026-08-24 14:22:02] main.py stopped. Exit code = 1
[2026-08-24 14:22:02] Restarting in 5 seconds...
[2026-08-24 14:22:07] Starting main.py with: C:\Users\Niran_t\Desktop\file_work\ProjectDetection\Motion-Detector\venv\Scripts\python.exe
[2026-08-24 14:22:17] main.py stopped. Exit code = 1
[2026-08-24 14:22:17] Restarting in 5 seconds...
[2026-08-24 14:22:22] Starting main.py with: C:\Users\Niran_t\Desktop\file_work\ProjectDetection\Motion-Detector\venv\Scripts\python.exe
[2026-08-24 14:22:32] main.py stopped. Exit code = 1
[2026-08-24 14:22:32] Restarting in 5 seconds...
[2026-08-24 14:22:37] Starting main.py with: C:\Users\Niran_t\Desktop\file_work\ProjectDetection\Motion-Detector\venv\Scripts\python.exe
[2026-08-24 14:22:47] main.py stopped. Exit code = 1
[2026-08-24 14:22:47] Restarting in 5 seconds...
[2026-08-24 14:22:52] Starting main.py with: C:\Users\Niran_t\Desktop\file_work\ProjectDetection\Motion-Detector\venv\Scripts\python.exe
[2026-08-24 14:23:02] main.py stopped. Exit code = 1
[2026-08-24 14:23:02] Restarting in 5 seconds...
[2026-08-24 14:23:07] Starting main.py with: C:\Users\Niran_t\Desktop\file_work\ProjectDetection\Motion-Detector\venv\Scripts\python.exe
[2026-08-24 14:23:17] main.py stopped. Exit code = 1
[2026-08-24 14:23:17] Restarting in 5 seconds...
[2026-08-24 14:23:22] Starting main.py with: C:\Users\Niran_t\Desktop\file_work\ProjectDetection\Motion-Detector\venv\Scripts\python.exe
[2026-08-24 14:23:32] main.py stopped. Exit code = 1
[2026-08-24 14:23:32] Restarting in 5 seconds...
[2026-08-24 14:23:37] Starting main.py with: C:\Users\Niran_t\Desktop\file_work\ProjectDetection\Motion-Detector\venv\Scripts\python.exe
[2026-08-24 14:23:47] main.py stopped. Exit code = 1
[2026-08-24 14:23:47] Restarting in 5 seconds...
[2026-08-24 14:23:52] Starting main.py with: C:\Users\Niran_t\Desktop\file_work\ProjectDetection\Motion-Detector\venv\Scripts\python.exe
[2026-08-24 14:24:02] main.py stopped. Exit code = 1
[2026-08-24 14:24:02] Restarting in 5 seconds...
[2026-08-24 14:24:07] Starting main.py with: C:\Users\Niran_t\Desktop\file_work\ProjectDetection\Motion-Detector\venv\Scripts\python.exe
[2026-08-24 14:24:17] main.py stopped. Exit code = 1
[2026-08-24 14:24:17] Restarting in 5 seconds...
[2026-08-24 14:24:22] Starting main.py with: C:\Users\Niran_t\Desktop\file_work\ProjectDetection\Motion-Detector\venv\Scripts\python.exe
[2026-08-24 14:24:32] main.py stopped. Exit code = 1
[2026-08-24 14:24:32] Restarting in 5 seconds...
[2026-08-24 14:24:37] Starting main.py with: C:\Users\Niran_t\Desktop\file_work\ProjectDetection\Motion-Detector\venv\Scripts\python.exe
[2026-08-24 14:24:47] main.py stopped. Exit code = 1
[2026-08-24 14:24:47] Restarting in 5 seconds...
[2026-08-24 14:24:52] Starting main.py with: C:\Users\Niran_t\Desktop\file_work\ProjectDetection\Motion-Detector\venv\Scripts\python.exe
[2026-08-24 14:25:02] main.py stopped. Exit code = 1
[2026-08-24 14:25:02] Restarting in 5 seconds...
[2026-08-24 14:25:07] Starting main.py with: C:\Users\Niran_t\Desktop\file_work\ProjectDetection\Motion-Detector\venv\Scripts\python.exe
[2026-08-24 14:25:17] main.py stopped. Exit code = 1
[2026-08-24 14:25:17] Restarting in 5 seconds...
[2026-08-24 14:25:22] Starting main.py with: C:\Users\Niran_t\Desktop\file_work\ProjectDetection\Motion-Detector\venv\Scripts\python.exe
[2026-08-24 14:25:32] main.py stopped. Exit code = 1
[2026-08-24 14:25:32] Restarting in 5 seconds...
[2026-08-24 14:25:37] Starting main.py with: C:\Users\Niran_t\Desktop\file_work\ProjectDetection\Motion-Detector\venv\Scripts\python.exe
[2026-08-24 14:25:47] main.py stopped. Exit code = 1
[2026-08-24 14:25:47] Restarting in 5 seconds...
[2026-08-24 14:25:52] Starting main.py with: C:\Users\Niran_t\Desktop\file_work\ProjectDetection\Motion-Detector\venv\Scripts\python.exe
[2026-08-24 14:26:02] main.py stopped. Exit code = 1
[2026-08-24 14:26:02] Restarting in 5 seconds...
[2026-08-24 14:26:07] Starting main.py with: C:\Users\Niran_t\Desktop\file_work\ProjectDetection\Motion-Detector\venv\Scripts\python.exe
[2026-08-24 14:26:17] main.py stopped. Exit code = 1
[2026-08-24 14:26:17] Restarting in 5 seconds...
[2026-08-24 14:26:22] Starting main.py with: C:\Users\Niran_t\Desktop\file_work\ProjectDetection\Motion-Detector\venv\Scripts\python.exe
[2026-08-24 14:26:32] main.py stopped. Exit code = 1
[2026-08-24 14:26:32] Restarting in 5 seconds...
[2026-08-24 14:26:37] Starting main.py with: C:\Users\Niran_t\Desktop\file_work\ProjectDetection\Motion-Detector\venv\Scripts\python.exe
[2026-08-24 14:26:47] main.py stopped. Exit code = 1
[2026-08-24 14:26:47] Restarting in 5 seconds...
[2026-08-24 14:30:25] Supervisor started.
[2026-08-24 14:30:25] Starting main.py with: C:\Users\Niran_t\Desktop\file_work\ProjectDetection\Motion-Detector\venv\Scripts\python.exe
[2026-08-24 14:30:25] Working Directory (cwd): C:\Users\Niran_t\Desktop\file_work\ProjectDetection\Motion-Detector\main
[2026-08-24 14:30:35] main.py stopped. Exit code = 1
[2026-08-24 14:30:35] Restarting in 5 seconds...
[2026-08-24 14:33:53] Supervisor started.
[2026-08-24 14:33:53] Starting main.py with: C:\Users\Niran_t\Desktop\file_work\ProjectDetection\Motion-Detector\venv\Scripts\python.exe
[2026-08-24 14:33:53] Working Directory (cwd): C:\Users\Niran_t\Desktop\file_work\ProjectDetection\Motion-Detector\main
[2026-08-24 14:34:03] main.py stopped. Exit code = 1
[2026-08-24 14:34:03] Restarting in 5 seconds...
[2026-08-24 14:34:08] Starting main.py with: C:\Users\Niran_t\Desktop\file_work\ProjectDetection\Motion-Detector\venv\Scripts\python.exe
[2026-08-24 14:34:08] Working Directory (cwd): C:\Users\Niran_t\Desktop\file_work\ProjectDetection\Motion-Detector\main
[2026-08-24 14:34:18] main.py stopped. Exit code = 1
[2026-08-24 14:34:18] Restarting in 5 seconds...
[2026-08-24 14:34:23] Starting main.py with: C:\Users\Niran_t\Desktop\file_work\ProjectDetection\Motion-Detector\venv\Scripts\python.exe
[2026-08-24 14:34:23] Working Directory (cwd): C:\Users\Niran_t\Desktop\file_work\ProjectDetection\Motion-Detector\main
[2026-08-24 14:34:33] main.py stopped. Exit code = 1
[2026-08-24 14:34:33] Restarting in 5 seconds...
[2026-08-24 14:35:49] Supervisor started.
[2026-08-24 14:35:49] Starting main.py with: C:\Users\Niran_t\Desktop\file_work\ProjectDetection\Motion-Detector\venv\Scripts\python.exe
[2026-08-24 14:35:49] Working Directory (cwd): C:\Users\Niran_t\Desktop\file_work\ProjectDetection\Motion-Detector\main
[2026-08-24 14:35:59] Waiting for main.py to initialize and create heartbeat...
[2026-08-24 14:36:09] Waiting for main.py to initialize and create heartbeat...
[2026-08-24 14:36:19] Heartbeat file not found after startup timeout.
[2026-08-24 14:36:29] main.py stopped. Exit code = 0
[2026-08-24 14:36:29] Restarting in 5 seconds...
[2026-08-24 14:36:34] Starting main.py with: C:\Users\Niran_t\Desktop\file_work\ProjectDetection\Motion-Detector\venv\Scripts\python.exe
[2026-08-24 14:36:34] Working Directory (cwd): C:\Users\Niran_t\Desktop\file_work\ProjectDetection\Motion-Detector\main
[2026-08-24 14:36:44] Waiting for main.py to initialize and create heartbeat...
[2026-08-24 14:36:54] Waiting for main.py to initialize and create heartbeat...
[2026-08-24 14:37:04] Heartbeat file not found after startup timeout.
[2026-08-24 14:37:14] Heartbeat file not found after startup timeout.
[2026-08-24 14:37:24] Heartbeat file not found after startup timeout.
[2026-08-24 14:37:34] Heartbeat file not found after startup timeout.
[2026-08-24 14:37:44] Heartbeat file not found after startup timeout.
[2026-08-24 14:37:54] Heartbeat file not found after startup timeout.
[2026-08-24 14:38:04] Heartbeat file not found after startup timeout.
[2026-08-24 14:38:14] Heartbeat file not found after startup timeout.
[2026-08-24 14:38:24] Heartbeat file not found after startup timeout.
[2026-08-24 14:38:34] Heartbeat file not found after startup timeout.
[2026-08-24 14:38:44] Heartbeat file not found after startup timeout.
[2026-08-24 14:38:54] Heartbeat file not found after startup timeout.
[2026-08-24 14:39:04] Heartbeat file not found after startup timeout.
[2026-08-24 14:39:14] Heartbeat file not found after startup timeout.
[2026-08-24 14:39:24] Heartbeat file not found after startup timeout.
[2026-08-24 14:39:34] Heartbeat file not found after startup timeout.
[2026-08-24 14:39:44] Heartbeat file not found after startup timeout.
[2026-08-24 14:39:54] Heartbeat file not found after startup timeout.
[2026-08-24 14:40:04] Heartbeat file not found after startup timeout.
[2026-08-24 14:40:14] Heartbeat file not found after startup timeout.
[2026-08-24 14:40:24] Heartbeat file not found after startup timeout.
[2026-08-24 14:40:34] Heartbeat file not found after startup timeout.
[2026-08-24 14:40:44] main.py stopped. Exit code = 0
[2026-08-24 14:40:44] Restarting in 5 seconds...
[2026-08-24 14:44:14] Supervisor started.
[2026-08-24 14:44:14] Starting main.py with: C:\Users\Niran_t\Desktop\file_work\ProjectDetection\Motion-Detector\venv\Scripts\python.exe
[2026-08-24 14:44:14] Working Directory (cwd): C:\Users\Niran_t\Desktop\file_work\ProjectDetection\Motion-Detector\main
[2026-08-24 14:44:24] Waiting for main.py to initialize and create heartbeat...
[2026-08-24 14:44:34] Waiting for main.py to initialize and create heartbeat...
[2026-08-24 14:44:44] Heartbeat file not found after startup timeout.
[2026-08-24 14:44:54] Heartbeat file not found after startup timeout.
[2026-08-24 14:45:04] Heartbeat file not found after startup timeout.
[2026-08-24 14:45:14] Heartbeat file not found after startup timeout.
[2026-08-24 14:45:24] Heartbeat file not found after startup timeout.
[2026-08-24 14:45:34] Heartbeat file not found after startup timeout.
[2026-08-24 14:45:44] Heartbeat file not found after startup timeout.
[2026-08-24 14:45:54] Heartbeat file not found after startup timeout.
[2026-08-24 14:46:04] Heartbeat file not found after startup timeout.
[2026-08-24 14:46:14] Heartbeat file not found after startup timeout.
[2026-08-24 14:46:24] Heartbeat file not found after startup timeout.
[2026-08-24 14:46:34] Heartbeat file not found after startup timeout.
[2026-08-24 14:46:44] Heartbeat file not found after startup timeout.
[2026-08-24 14:46:54] Heartbeat file not found after startup timeout.
[2026-08-24 14:47:04] Heartbeat file not found after startup timeout.
[2026-08-24 14:47:14] Heartbeat file not found after startup timeout.
[2026-08-24 14:47:24] Heartbeat file not found after startup timeout.
[2026-08-24 14:47:39] Supervisor started.
[2026-08-24 14:47:39] Starting main.py with: C:\Users\Niran_t\Desktop\file_work\ProjectDetection\Motion-Detector\venv\Scripts\python.exe
[2026-08-24 14:47:39] Working Directory (cwd): C:\Users\Niran_t\Desktop\file_work\ProjectDetection\Motion-Detector\main
[2026-08-24 14:47:49] Waiting for main.py to initialize and create heartbeat...
[2026-08-24 14:47:59] Waiting for main.py to initialize and create heartbeat...
[2026-08-24 14:48:09] Heartbeat file not found after startup timeout.
[2026-08-24 14:48:19] Heartbeat file not found after startup timeout.
[2026-08-24 14:48:29] Heartbeat file not found after startup timeout.
[2026-08-24 14:49:34] Supervisor started.
[2026-08-24 14:49:34] Starting main.py with: C:\Users\Niran_t\Desktop\file_work\ProjectDetection\Motion-Detector\venv\Scripts\python.exe
[2026-08-24 14:49:34] Working Directory (cwd): C:\Users\Niran_t\Desktop\file_work\ProjectDetection\Motion-Detector\main
[2026-08-24 14:49:44] Waiting for main.py to initialize and create heartbeat...
[2026-08-24 14:49:54] Waiting for main.py to initialize and create heartbeat...
[2026-08-24 14:50:04] Heartbeat file not found after startup timeout.
[2026-08-24 14:50:14] Heartbeat file not found after startup timeout.
[2026-08-24 14:50:24] Heartbeat file not found after startup timeout.
[2026-08-24 14:50:34] Heartbeat file not found after startup timeout.
[2026-08-24 14:55:38] Supervisor started.
[2026-08-24 14:55:38] Starting main.py with: C:\Users\Niran_t\Desktop\file_work\ProjectDetection\Motion-Detector\venv\Scripts\python.exe
[2026-08-24 14:55:38] Working Directory (cwd): C:\Users\Niran_t\Desktop\file_work\ProjectDetection\Motion-Detector\main
[2026-08-24 14:55:48] Waiting for main.py to initialize and create heartbeat...
[2026-08-24 14:55:58] Waiting for main.py to initialize and create heartbeat...
[2026-08-24 14:56:08] Heartbeat file not found after startup timeout.
[2026-08-24 14:56:18] Heartbeat file not found after startup timeout.
[2026-08-24 14:56:28] Heartbeat file not found after startup timeout.
[2026-08-24 14:56:38] main.py stopped. Exit code = 0
[2026-08-24 14:56:38] Restarting in 5 seconds...
[2026-08-24 14:56:43] Starting main.py with: C:\Users\Niran_t\Desktop\file_work\ProjectDetection\Motion-Detector\venv\Scripts\python.exe
[2026-08-24 14:56:43] Working Directory (cwd): C:\Users\Niran_t\Desktop\file_work\ProjectDetection\Motion-Detector\main
[2026-08-24 14:56:53] Waiting for main.py to initialize and create heartbeat...
[2026-08-24 14:57:03] Waiting for main.py to initialize and create heartbeat...
[2026-08-24 14:57:13] Heartbeat file not found after startup timeout.
[2026-08-24 14:57:23] Heartbeat file not found after startup timeout.
[2026-08-24 14:57:33] Heartbeat file not found after startup timeout.
[2026-08-24 14:57:43] Heartbeat file not found after startup timeout.
[2026-08-24 14:57:53] Heartbeat file not found after startup timeout.
[2026-08-24 14:58:03] Heartbeat file not found after startup timeout.
[2026-08-24 14:58:41] Supervisor started.
[2026-08-24 14:58:41] Starting main.py with: C:\Users\Niran_t\Desktop\file_work\ProjectDetection\Motion-Detector\venv\Scripts\python.exe
[2026-08-24 14:58:41] Working Directory (cwd): C:\Users\Niran_t\Desktop\file_work\ProjectDetection\Motion-Detector\main
[2026-08-24 14:58:51] Waiting for main.py to initialize and create heartbeat...
[2026-08-24 14:59:01] Waiting for main.py to initialize and create heartbeat...
[2026-08-24 14:59:11] Heartbeat file not found after startup timeout.
[2026-08-24 14:59:21] Heartbeat file not found after startup timeout.
[2026-08-24 14:59:31] Heartbeat file not found after startup timeout.
[2026-08-24 14:59:41] Heartbeat file not found after startup timeout.
[2026-08-24 14:59:51] Heartbeat file not found after startup timeout.
[2026-08-24 15:00:01] Heartbeat file not found after startup timeout.
[2026-08-24 15:00:11] Heartbeat file not found after startup timeout.
[2026-08-24 15:00:21] Heartbeat file not found after startup timeout.
[2026-08-24 15:00:31] Heartbeat file not found after startup timeout.
[2026-08-24 15:00:41] Heartbeat file not found after startup timeout.
[2026-08-24 15:00:51] Heartbeat file not found after startup timeout.
[2026-08-24 15:01:01] Heartbeat file not found after startup timeout.
[2026-08-24 15:01:11] Heartbeat file not found after startup timeout.
[2026-08-24 15:01:21] Heartbeat file not found after startup timeout.
[2026-08-24 15:01:31] Heartbeat file not found after startup timeout.
[2026-08-24 15:01:41] Heartbeat file not found after startup timeout.
[2026-08-24 15:01:51] Heartbeat file not found after startup timeout.
[2026-08-24 15:02:01] Heartbeat file not found after startup timeout.
[2026-08-24 15:02:11] Heartbeat file not found after startup timeout.
[2026-08-24 15:02:21] Heartbeat file not found after startup timeout.
[2026-08-24 15:02:31] Heartbeat file not found after startup timeout.
[2026-08-24 15:02:41] Heartbeat file not found after startup timeout.
[2026-08-24 15:02:51] Heartbeat file not found after startup timeout.
[2026-08-24 15:03:01] Heartbeat file not found after startup timeout.
[2026-08-24 15:03:11] Heartbeat file not found after startup timeout.
[2026-08-24 15:03:21] Heartbeat file not found after startup timeout.
[2026-08-24 15:03:31] Heartbeat file not found after startup timeout.
[2026-08-24 15:03:41] main.py stopped. Exit code = 0
[2026-08-24 15:03:41] Restarting in 5 seconds...
[2026-08-24 15:03:46] Starting main.py with: C:\Users\Niran_t\Desktop\file_work\ProjectDetection\Motion-Detector\venv\Scripts\python.exe
[2026-08-24 15:03:46] Working Directory (cwd): C:\Users\Niran_t\Desktop\file_work\ProjectDetection\Motion-Detector\main
[2026-08-24 15:03:57] Waiting for main.py to initialize and create heartbeat...
[2026-08-24 15:04:07] Waiting for main.py to initialize and create heartbeat...
[2026-08-24 15:04:17] Heartbeat file not found after startup timeout.
[2026-08-24 15:04:27] Heartbeat file not found after startup timeout.
[2026-08-24 15:04:37] Heartbeat file not found after startup timeout.
[2026-08-24 15:04:47] Heartbeat file not found after startup timeout.
[2026-08-24 15:04:57] Heartbeat file not found after startup timeout.
[2026-08-24 15:05:07] Heartbeat file not found after startup timeout.
[2026-08-24 15:05:17] Heartbeat file not found after startup timeout.
