[2026-08-18 10:56:33] Supervisor started.
[2026-08-18 10:56:33] Starting pose_detect.py with: C:\Users\Niran_t\AppData\Local\Programs\Python\Python314\python.exe
[2026-08-18 10:56:43] Heartbeat file not found yet. Waiting...
[2026-08-18 10:56:53] pose_detect.py stopped. Exit code = 1
[2026-08-18 10:56:53] Restarting in 5 seconds...
[2026-08-18 10:57:29] ERROR: pose_detect.py not found at: c:\Users\Niran_t\Desktop\file_work\ProjectDetection\Motion-Detector\main\main\main.py
[2026-08-18 10:57:32] ERROR: pose_detect.py not found at: c:\Users\Niran_t\Desktop\file_work\ProjectDetection\Motion-Detector\main\main\main.py
[2026-08-18 10:57:35] ERROR: pose_detect.py not found at: c:\Users\Niran_t\Desktop\file_work\ProjectDetection\Motion-Detector\main\main\main.py
[2026-08-18 10:57:40] ERROR: pose_detect.py not found at: c:\Users\Niran_t\Desktop\file_work\ProjectDetection\Motion-Detector\main\main\main.py
[2026-08-18 10:59:31] ERROR: pose_detect.py not found at: c:\Users\Niran_t\Desktop\file_work\ProjectDetection\Motion-Detector\main\main\main.py
[2026-08-18 11:04:34] ERROR: main.py not found at: c:\Users\Niran_t\Desktop\file_work\ProjectDetection\Motion-Detector\main\main\main.py
[2026-08-18 13:54:39] ERROR: main.py not found at: C:\Users\Niran_t\Desktop\file_work\ProjectDetection\Motion-Detector\main\main\main.py
[2026-08-18 13:59:08] Supervisor started.
[2026-08-18 13:59:08] Starting main.py with: C:\Users\Niran_t\Desktop\file_work\ProjectDetection\Motion-Detector\venv\Scripts\python.exe
[2026-08-18 13:59:18] main.py stopped. Exit code = 1
[2026-08-18 13:59:18] Restarting in 5 seconds...
[2026-08-18 13:59:23] Starting main.py with: C:\Users\Niran_t\Desktop\file_work\ProjectDetection\Motion-Detector\venv\Scripts\python.exe
[2026-08-18 13:59:33] main.py stopped. Exit code = 1
[2026-08-18 13:59:33] Restarting in 5 seconds...
[2026-08-18 13:59:38] Starting main.py with: C:\Users\Niran_t\Desktop\file_work\ProjectDetection\Motion-Detector\venv\Scripts\python.exe
[2026-08-18 13:59:48] main.py stopped. Exit code = 1
[2026-08-18 13:59:48] Restarting in 5 seconds...
[2026-08-18 13:59:53] Starting main.py with: C:\Users\Niran_t\Desktop\file_work\ProjectDetection\Motion-Detector\venv\Scripts\python.exe
[2026-08-18 14:00:03] main.py stopped. Exit code = 1
[2026-08-18 14:00:03] Restarting in 5 seconds...
[2026-08-18 14:00:08] Starting main.py with: C:\Users\Niran_t\Desktop\file_work\ProjectDetection\Motion-Detector\venv\Scripts\python.exe
[2026-08-18 14:00:18] main.py stopped. Exit code = 1
[2026-08-18 14:00:18] Restarting in 5 seconds...
[2026-08-18 14:00:23] Starting main.py with: C:\Users\Niran_t\Desktop\file_work\ProjectDetection\Motion-Detector\venv\Scripts\python.exe
[2026-08-18 14:00:33] main.py stopped. Exit code = 1
[2026-08-18 14:00:33] Restarting in 5 seconds...
[2026-08-18 14:00:38] Starting main.py with: C:\Users\Niran_t\Desktop\file_work\ProjectDetection\Motion-Detector\venv\Scripts\python.exe
[2026-08-18 14:00:48] main.py stopped. Exit code = 1
[2026-08-18 14:00:48] Restarting in 5 seconds...
[2026-08-18 14:00:53] Starting main.py with: C:\Users\Niran_t\Desktop\file_work\ProjectDetection\Motion-Detector\venv\Scripts\python.exe
[2026-08-18 14:01:03] main.py stopped. Exit code = 1
[2026-08-18 14:01:03] Restarting in 5 seconds...
[2026-08-18 14:01:08] Starting main.py with: C:\Users\Niran_t\Desktop\file_work\ProjectDetection\Motion-Detector\venv\Scripts\python.exe
[2026-08-18 14:01:18] main.py stopped. Exit code = 1
[2026-08-18 14:01:18] Restarting in 5 seconds...
[2026-08-18 14:01:23] Starting main.py with: C:\Users\Niran_t\Desktop\file_work\ProjectDetection\Motion-Detector\venv\Scripts\python.exe
[2026-08-18 14:01:33] main.py stopped. Exit code = 1
[2026-08-18 14:01:33] Restarting in 5 seconds...
[2026-08-18 14:01:38] Starting main.py with: C:\Users\Niran_t\Desktop\file_work\ProjectDetection\Motion-Detector\venv\Scripts\python.exe
[2026-08-18 14:01:48] main.py stopped. Exit code = 1
[2026-08-18 14:01:48] Restarting in 5 seconds...
[2026-08-18 14:01:53] Starting main.py with: C:\Users\Niran_t\Desktop\file_work\ProjectDetection\Motion-Detector\venv\Scripts\python.exe
[2026-08-18 14:02:03] main.py stopped. Exit code = 1
[2026-08-18 14:02:03] Restarting in 5 seconds...
[2026-08-18 14:02:08] Starting main.py with: C:\Users\Niran_t\Desktop\file_work\ProjectDetection\Motion-Detector\venv\Scripts\python.exe
[2026-08-18 14:02:18] main.py stopped. Exit code = 1
[2026-08-18 14:02:18] Restarting in 5 seconds...
[2026-08-18 14:02:23] Starting main.py with: C:\Users\Niran_t\Desktop\file_work\ProjectDetection\Motion-Detector\venv\Scripts\python.exe
[2026-08-18 14:02:33] main.py stopped. Exit code = 1
[2026-08-18 14:02:33] Restarting in 5 seconds...
[2026-08-18 14:02:38] Starting main.py with: C:\Users\Niran_t\Desktop\file_work\ProjectDetection\Motion-Detector\venv\Scripts\python.exe
[2026-08-18 14:02:48] main.py stopped. Exit code = 1
[2026-08-18 14:02:48] Restarting in 5 seconds...
[2026-08-18 14:02:53] Starting main.py with: C:\Users\Niran_t\Desktop\file_work\ProjectDetection\Motion-Detector\venv\Scripts\python.exe
[2026-08-18 14:03:03] main.py stopped. Exit code = 1
[2026-08-18 14:03:03] Restarting in 5 seconds...
[2026-08-18 14:03:08] Starting main.py with: C:\Users\Niran_t\Desktop\file_work\ProjectDetection\Motion-Detector\venv\Scripts\python.exe
[2026-08-18 14:03:18] main.py stopped. Exit code = 1
[2026-08-18 14:03:18] Restarting in 5 seconds...
[2026-08-18 14:03:23] Starting main.py with: C:\Users\Niran_t\Desktop\file_work\ProjectDetection\Motion-Detector\venv\Scripts\python.exe
[2026-08-18 14:03:33] main.py stopped. Exit code = 1
[2026-08-18 14:03:33] Restarting in 5 seconds...
[2026-08-18 14:03:38] Starting main.py with: C:\Users\Niran_t\Desktop\file_work\ProjectDetection\Motion-Detector\venv\Scripts\python.exe
[2026-08-18 14:03:48] main.py stopped. Exit code = 1
[2026-08-18 14:03:48] Restarting in 5 seconds...
[2026-08-18 14:03:53] Starting main.py with: C:\Users\Niran_t\Desktop\file_work\ProjectDetection\Motion-Detector\venv\Scripts\python.exe
[2026-08-18 14:04:03] main.py stopped. Exit code = 1
[2026-08-18 14:04:03] Restarting in 5 seconds...
[2026-08-18 14:04:08] Starting main.py with: C:\Users\Niran_t\Desktop\file_work\ProjectDetection\Motion-Detector\venv\Scripts\python.exe
[2026-08-18 14:04:18] main.py stopped. Exit code = 1
[2026-08-18 14:04:18] Restarting in 5 seconds...
[2026-08-18 14:04:23] Starting main.py with: C:\Users\Niran_t\Desktop\file_work\ProjectDetection\Motion-Detector\venv\Scripts\python.exe
[2026-08-18 14:04:33] main.py stopped. Exit code = 1
[2026-08-18 14:04:33] Restarting in 5 seconds...
[2026-08-18 14:04:38] Starting main.py with: C:\Users\Niran_t\Desktop\file_work\ProjectDetection\Motion-Detector\venv\Scripts\python.exe
[2026-08-18 14:04:48] main.py stopped. Exit code = 1
[2026-08-18 14:04:48] Restarting in 5 seconds...
[2026-08-18 14:04:53] Starting main.py with: C:\Users\Niran_t\Desktop\file_work\ProjectDetection\Motion-Detector\venv\Scripts\python.exe
[2026-08-18 14:05:03] main.py stopped. Exit code = 1
[2026-08-18 14:05:03] Restarting in 5 seconds...
[2026-08-18 14:05:08] Starting main.py with: C:\Users\Niran_t\Desktop\file_work\ProjectDetection\Motion-Detector\venv\Scripts\python.exe
[2026-08-18 14:05:18] main.py stopped. Exit code = 1
[2026-08-18 14:05:18] Restarting in 5 seconds...
[2026-08-18 14:05:23] Starting main.py with: C:\Users\Niran_t\Desktop\file_work\ProjectDetection\Motion-Detector\venv\Scripts\python.exe
[2026-08-18 14:05:33] main.py stopped. Exit code = 1
[2026-08-18 14:05:33] Restarting in 5 seconds...
[2026-08-18 14:05:38] Starting main.py with: C:\Users\Niran_t\Desktop\file_work\ProjectDetection\Motion-Detector\venv\Scripts\python.exe
[2026-08-18 14:05:48] main.py stopped. Exit code = 1
[2026-08-18 14:05:48] Restarting in 5 seconds...
[2026-08-18 14:05:53] Starting main.py with: C:\Users\Niran_t\Desktop\file_work\ProjectDetection\Motion-Detector\venv\Scripts\python.exe
[2026-08-18 14:06:03] main.py stopped. Exit code = 1
[2026-08-18 14:06:03] Restarting in 5 seconds...
[2026-08-18 14:06:08] Starting main.py with: C:\Users\Niran_t\Desktop\file_work\ProjectDetection\Motion-Detector\venv\Scripts\python.exe
[2026-08-18 14:12:03] Supervisor started.
[2026-08-18 14:12:03] Starting main.py with: C:\Users\Niran_t\Desktop\file_work\ProjectDetection\Motion-Detector\venv\Scripts\python.exe
[2026-08-18 14:12:13] main.py stopped. Exit code = 1
[2026-08-18 14:12:13] Restarting in 5 seconds...
[2026-08-18 14:12:18] Starting main.py with: C:\Users\Niran_t\Desktop\file_work\ProjectDetection\Motion-Detector\venv\Scripts\python.exe
[2026-08-18 14:12:28] main.py stopped. Exit code = 1
[2026-08-18 14:12:28] Restarting in 5 seconds...
[2026-08-18 14:12:33] Starting main.py with: C:\Users\Niran_t\Desktop\file_work\ProjectDetection\Motion-Detector\venv\Scripts\python.exe
[2026-08-18 14:12:43] main.py stopped. Exit code = 1
[2026-08-18 14:12:43] Restarting in 5 seconds...
[2026-08-18 14:12:48] Starting main.py with: C:\Users\Niran_t\Desktop\file_work\ProjectDetection\Motion-Detector\venv\Scripts\python.exe
[2026-08-18 14:12:58] main.py stopped. Exit code = 1
[2026-08-18 14:12:58] Restarting in 5 seconds...
[2026-08-18 14:13:03] Starting main.py with: C:\Users\Niran_t\Desktop\file_work\ProjectDetection\Motion-Detector\venv\Scripts\python.exe
[2026-08-18 14:13:13] Heartbeat file not found yet. Waiting...
[2026-08-18 14:13:23] main.py stopped. Exit code = 1
[2026-08-18 14:13:23] Restarting in 5 seconds...
[2026-08-18 14:13:28] Starting main.py with: C:\Users\Niran_t\Desktop\file_work\ProjectDetection\Motion-Detector\venv\Scripts\python.exe
[2026-08-18 14:14:26] Supervisor started.
[2026-08-18 14:14:26] Starting main.py with: C:\Users\Niran_t\Desktop\file_work\ProjectDetection\Motion-Detector\venv\Scripts\python.exe
[2026-08-18 14:14:36] main.py stopped. Exit code = 1
[2026-08-18 14:14:36] Restarting in 5 seconds...
[2026-08-18 14:14:41] Starting main.py with: C:\Users\Niran_t\Desktop\file_work\ProjectDetection\Motion-Detector\venv\Scripts\python.exe
[2026-08-18 14:14:51] main.py stopped. Exit code = 1
[2026-08-18 14:14:51] Restarting in 5 seconds...
[2026-08-18 14:14:56] Starting main.py with: C:\Users\Niran_t\Desktop\file_work\ProjectDetection\Motion-Detector\venv\Scripts\python.exe
[2026-08-18 14:15:06] main.py stopped. Exit code = 1
[2026-08-18 14:15:06] Restarting in 5 seconds...
[2026-08-18 14:15:11] Starting main.py with: C:\Users\Niran_t\Desktop\file_work\ProjectDetection\Motion-Detector\venv\Scripts\python.exe
[2026-08-18 14:15:21] main.py stopped. Exit code = 1
[2026-08-18 14:15:21] Restarting in 5 seconds...
[2026-08-18 14:15:26] Starting main.py with: C:\Users\Niran_t\Desktop\file_work\ProjectDetection\Motion-Detector\venv\Scripts\python.exe
[2026-08-18 14:15:36] main.py stopped. Exit code = 1
[2026-08-18 14:15:36] Restarting in 5 seconds...
[2026-08-18 14:15:41] Starting main.py with: C:\Users\Niran_t\Desktop\file_work\ProjectDetection\Motion-Detector\venv\Scripts\python.exe
[2026-08-18 14:15:51] main.py stopped. Exit code = 1
[2026-08-18 14:15:51] Restarting in 5 seconds...
[2026-08-18 14:15:56] Starting main.py with: C:\Users\Niran_t\Desktop\file_work\ProjectDetection\Motion-Detector\venv\Scripts\python.exe
[2026-08-18 14:16:06] main.py stopped. Exit code = 1
[2026-08-18 14:16:06] Restarting in 5 seconds...
[2026-08-18 14:16:11] Starting main.py with: C:\Users\Niran_t\Desktop\file_work\ProjectDetection\Motion-Detector\venv\Scripts\python.exe
[2026-08-18 14:16:21] main.py stopped. Exit code = 1
[2026-08-18 14:16:21] Restarting in 5 seconds...
[2026-08-18 14:16:26] Starting main.py with: C:\Users\Niran_t\Desktop\file_work\ProjectDetection\Motion-Detector\venv\Scripts\python.exe
[2026-08-18 14:21:12] Supervisor started.
[2026-08-18 14:21:12] Starting main.py with: C:\Users\Niran_t\Desktop\file_work\ProjectDetection\Motion-Detector\venv\Scripts\python.exe
[2026-08-18 14:21:22] main.py stopped. Exit code = 1
[2026-08-18 14:21:22] Restarting in 5 seconds...
[2026-08-18 14:21:27] Starting main.py with: C:\Users\Niran_t\Desktop\file_work\ProjectDetection\Motion-Detector\venv\Scripts\python.exe
[2026-08-18 14:21:37] main.py stopped. Exit code = 1
[2026-08-18 14:21:37] Restarting in 5 seconds...
[2026-08-18 14:21:42] Starting main.py with: C:\Users\Niran_t\Desktop\file_work\ProjectDetection\Motion-Detector\venv\Scripts\python.exe
[2026-08-18 14:21:52] main.py stopped. Exit code = 1
[2026-08-18 14:21:52] Restarting in 5 seconds...
[2026-08-18 14:21:57] Starting main.py with: C:\Users\Niran_t\Desktop\file_work\ProjectDetection\Motion-Detector\venv\Scripts\python.exe
[2026-08-18 14:23:31] Supervisor started.
[2026-08-18 14:23:31] Starting main.py with: C:\Users\Niran_t\Desktop\file_work\ProjectDetection\Motion-Detector\venv\Scripts\python.exe
[2026-08-18 14:23:41] main.py stopped. Exit code = 1
[2026-08-18 14:23:41] Restarting in 5 seconds...
[2026-08-18 14:23:46] Starting main.py with: C:\Users\Niran_t\Desktop\file_work\ProjectDetection\Motion-Detector\venv\Scripts\python.exe
[2026-08-18 14:23:56] main.py stopped. Exit code = 1
[2026-08-18 14:23:56] Restarting in 5 seconds...
[2026-08-18 14:24:01] Starting main.py with: C:\Users\Niran_t\Desktop\file_work\ProjectDetection\Motion-Detector\venv\Scripts\python.exe
[2026-08-18 14:24:12] Supervisor started.
[2026-08-18 14:24:12] Starting main.py with: C:\Users\Niran_t\Desktop\file_work\ProjectDetection\Motion-Detector\venv\Scripts\python.exe
[2026-08-18 14:24:22] main.py stopped. Exit code = 1
[2026-08-18 14:24:22] Restarting in 5 seconds...
[2026-08-18 14:24:27] Starting main.py with: C:\Users\Niran_t\Desktop\file_work\ProjectDetection\Motion-Detector\venv\Scripts\python.exe
[2026-08-18 14:24:37] main.py stopped. Exit code = 1
[2026-08-18 14:24:37] Restarting in 5 seconds...
[2026-08-18 14:24:42] Starting main.py with: C:\Users\Niran_t\Desktop\file_work\ProjectDetection\Motion-Detector\venv\Scripts\python.exe
[2026-08-18 14:24:52] main.py stopped. Exit code = 1
[2026-08-18 14:24:52] Restarting in 5 seconds...
[2026-08-18 14:24:57] Starting main.py with: C:\Users\Niran_t\Desktop\file_work\ProjectDetection\Motion-Detector\venv\Scripts\python.exe
[2026-08-18 14:39:02] Supervisor started.
[2026-08-18 14:39:02] Starting main.py with: C:\Users\Niran_t\Desktop\file_work\ProjectDetection\Motion-Detector\venv\Scripts\python.exe
[2026-08-18 14:39:12] main.py stopped. Exit code = 1
[2026-08-18 14:39:12] Restarting in 5 seconds...
[2026-08-18 14:39:17] Starting main.py with: C:\Users\Niran_t\Desktop\file_work\ProjectDetection\Motion-Detector\venv\Scripts\python.exe
[2026-08-18 14:39:27] main.py stopped. Exit code = 1
[2026-08-18 14:39:27] Restarting in 5 seconds...
[2026-08-18 14:39:32] Starting main.py with: C:\Users\Niran_t\Desktop\file_work\ProjectDetection\Motion-Detector\venv\Scripts\python.exe
[2026-08-18 14:39:42] main.py stopped. Exit code = 1
[2026-08-18 14:40:19] Restarting in 5 seconds...
[2026-08-18 14:40:24] Starting main.py with: C:\Users\Niran_t\Desktop\file_work\ProjectDetection\Motion-Detector\venv\Scripts\python.exe
[2026-08-18 14:40:34] main.py stopped. Exit code = 1
[2026-08-18 14:40:34] Restarting in 5 seconds...
[2026-08-18 14:40:39] Starting main.py with: C:\Users\Niran_t\Desktop\file_work\ProjectDetection\Motion-Detector\venv\Scripts\python.exe
[2026-08-18 14:40:49] main.py stopped. Exit code = 1
[2026-08-18 14:40:49] Restarting in 5 seconds...
[2026-08-18 14:40:54] Starting main.py with: C:\Users\Niran_t\Desktop\file_work\ProjectDetection\Motion-Detector\venv\Scripts\python.exe
[2026-08-18 14:41:04] main.py stopped. Exit code = 1
[2026-08-18 14:41:04] Restarting in 5 seconds...
[2026-08-18 14:41:09] Starting main.py with: C:\Users\Niran_t\Desktop\file_work\ProjectDetection\Motion-Detector\venv\Scripts\python.exe
[2026-08-18 14:41:19] main.py stopped. Exit code = 1
[2026-08-18 14:41:19] Restarting in 5 seconds...
[2026-08-18 14:41:24] Starting main.py with: C:\Users\Niran_t\Desktop\file_work\ProjectDetection\Motion-Detector\venv\Scripts\python.exe
[2026-08-18 14:41:34] main.py stopped. Exit code = 1
[2026-08-18 14:41:34] Restarting in 5 seconds...
[2026-08-18 14:41:39] Starting main.py with: C:\Users\Niran_t\Desktop\file_work\ProjectDetection\Motion-Detector\venv\Scripts\python.exe
[2026-08-18 14:41:49] main.py stopped. Exit code = 1
[2026-08-18 14:41:49] Restarting in 5 seconds...
[2026-08-18 14:41:54] Starting main.py with: C:\Users\Niran_t\Desktop\file_work\ProjectDetection\Motion-Detector\venv\Scripts\python.exe
[2026-08-18 14:43:27] Supervisor started.
[2026-08-18 14:43:27] Starting main.py with: C:\Users\Niran_t\Desktop\file_work\ProjectDetection\Motion-Detector\venv\Scripts\python.exe
[2026-08-18 14:43:37] main.py stopped. Exit code = 1
[2026-08-18 14:43:37] Restarting in 5 seconds...
[2026-08-18 14:43:42] Supervisor started.
[2026-08-18 14:43:42] Starting main.py with: C:\Users\Niran_t\Desktop\file_work\ProjectDetection\Motion-Detector\venv\Scripts\python.exe
[2026-08-18 14:43:52] main.py stopped. Exit code = 1
[2026-08-18 14:43:52] Restarting in 5 seconds...
[2026-08-18 14:43:57] Starting main.py with: C:\Users\Niran_t\Desktop\file_work\ProjectDetection\Motion-Detector\venv\Scripts\python.exe
[2026-08-18 14:44:07] main.py stopped. Exit code = 1
[2026-08-18 14:44:07] Restarting in 5 seconds...
[2026-08-18 14:44:12] Starting main.py with: C:\Users\Niran_t\Desktop\file_work\ProjectDetection\Motion-Detector\venv\Scripts\python.exe
[2026-08-18 14:44:30] main.py stopped. Exit code = 1
[2026-08-18 14:44:30] Restarting in 5 seconds...
[2026-08-18 14:44:35] Starting main.py with: C:\Users\Niran_t\Desktop\file_work\ProjectDetection\Motion-Detector\venv\Scripts\python.exe
[2026-08-18 14:47:07] Supervisor started.
[2026-08-18 14:47:07] Starting main.py with: C:\Users\Niran_t\Desktop\file_work\ProjectDetection\Motion-Detector\venv\Scripts\python.exe
[2026-08-18 14:47:17] main.py stopped. Exit code = 1
[2026-08-18 14:47:17] Restarting in 5 seconds...
[2026-08-18 14:47:23] Starting main.py with: C:\Users\Niran_t\Desktop\file_work\ProjectDetection\Motion-Detector\venv\Scripts\python.exe
[2026-08-18 14:47:33] main.py stopped. Exit code = 1
[2026-08-18 14:47:33] Restarting in 5 seconds...
[2026-08-18 14:47:38] Starting main.py with: C:\Users\Niran_t\Desktop\file_work\ProjectDetection\Motion-Detector\venv\Scripts\python.exe
[2026-08-18 14:47:48] main.py stopped. Exit code = 1
[2026-08-18 14:47:48] Restarting in 5 seconds...
[2026-08-18 14:47:53] Starting main.py with: C:\Users\Niran_t\Desktop\file_work\ProjectDetection\Motion-Detector\venv\Scripts\python.exe
[2026-08-18 14:48:03] main.py stopped. Exit code = 1
[2026-08-18 14:48:03] Restarting in 5 seconds...
[2026-08-18 14:48:54] Supervisor started.
[2026-08-18 14:48:54] Starting main.py with: C:\Users\Niran_t\Desktop\file_work\ProjectDetection\Motion-Detector\venv\Scripts\python.exe
[2026-08-18 14:49:04] main.py stopped. Exit code = 1
[2026-08-18 14:49:04] Restarting in 5 seconds...
[2026-08-18 14:49:09] Starting main.py with: C:\Users\Niran_t\Desktop\file_work\ProjectDetection\Motion-Detector\venv\Scripts\python.exe
[2026-08-18 14:49:19] main.py stopped. Exit code = 1
[2026-08-18 14:49:19] Restarting in 5 seconds...
[2026-08-18 14:49:24] Starting main.py with: C:\Users\Niran_t\Desktop\file_work\ProjectDetection\Motion-Detector\venv\Scripts\python.exe
[2026-08-18 14:50:27] Supervisor started.
[2026-08-18 14:50:27] Starting main.py with: C:\Users\Niran_t\Desktop\file_work\ProjectDetection\Motion-Detector\venv\Scripts\python.exe
[2026-08-18 14:50:37] main.py stopped. Exit code = 1
[2026-08-18 14:50:37] Restarting in 5 seconds...
[2026-08-18 14:50:42] Starting main.py with: C:\Users\Niran_t\Desktop\file_work\ProjectDetection\Motion-Detector\venv\Scripts\python.exe
[2026-08-18 14:50:52] main.py stopped. Exit code = 1
[2026-08-18 14:50:52] Restarting in 5 seconds...
[2026-08-18 14:50:57] Starting main.py with: C:\Users\Niran_t\Desktop\file_work\ProjectDetection\Motion-Detector\venv\Scripts\python.exe
[2026-08-18 14:51:07] main.py stopped. Exit code = 1
[2026-08-18 14:51:07] Restarting in 5 seconds...
[2026-08-18 14:51:12] Starting main.py with: C:\Users\Niran_t\Desktop\file_work\ProjectDetection\Motion-Detector\venv\Scripts\python.exe
[2026-08-18 14:51:22] main.py stopped. Exit code = 1
[2026-08-18 14:51:22] Restarting in 5 seconds...
[2026-08-18 14:51:27] Starting main.py with: C:\Users\Niran_t\Desktop\file_work\ProjectDetection\Motion-Detector\venv\Scripts\python.exe
[2026-08-18 14:51:37] main.py stopped. Exit code = 1
[2026-08-18 14:51:37] Restarting in 5 seconds...
[2026-08-18 14:51:42] Starting main.py with: C:\Users\Niran_t\Desktop\file_work\ProjectDetection\Motion-Detector\venv\Scripts\python.exe
[2026-08-18 14:51:52] main.py stopped. Exit code = 1
[2026-08-18 14:51:52] Restarting in 5 seconds...
[2026-08-18 14:51:58] Supervisor started.
[2026-08-18 14:51:58] Starting main.py with: C:\Users\Niran_t\Desktop\file_work\ProjectDetection\Motion-Detector\venv\Scripts\python.exe
[2026-08-18 14:52:08] main.py stopped. Exit code = 1
[2026-08-18 14:52:08] Restarting in 5 seconds...
[2026-08-18 14:52:13] Starting main.py with: C:\Users\Niran_t\Desktop\file_work\ProjectDetection\Motion-Detector\venv\Scripts\python.exe
[2026-08-18 14:52:23] main.py stopped. Exit code = 1
[2026-08-18 14:52:23] Restarting in 5 seconds...
[2026-08-18 14:52:28] Starting main.py with: C:\Users\Niran_t\Desktop\file_work\ProjectDetection\Motion-Detector\venv\Scripts\python.exe
[2026-08-18 14:53:04] Supervisor started.
[2026-08-18 14:53:04] Starting main.py with: C:\Users\Niran_t\Desktop\file_work\ProjectDetection\Motion-Detector\venv\Scripts\python.exe
[2026-08-18 14:53:14] main.py stopped. Exit code = 1
[2026-08-18 14:53:14] Restarting in 3 seconds...
[2026-08-18 14:53:17] Starting main.py with: C:\Users\Niran_t\Desktop\file_work\ProjectDetection\Motion-Detector\venv\Scripts\python.exe
[2026-08-18 14:53:27] main.py stopped. Exit code = 1
[2026-08-18 14:53:27] Restarting in 3 seconds...
[2026-08-18 14:53:30] Starting main.py with: C:\Users\Niran_t\Desktop\file_work\ProjectDetection\Motion-Detector\venv\Scripts\python.exe
[2026-08-18 14:53:40] main.py stopped. Exit code = 1
[2026-08-18 14:53:40] Restarting in 3 seconds...
[2026-08-18 14:53:43] Starting main.py with: C:\Users\Niran_t\Desktop\file_work\ProjectDetection\Motion-Detector\venv\Scripts\python.exe
[2026-08-18 14:53:53] main.py stopped. Exit code = 1
[2026-08-18 14:53:53] Restarting in 3 seconds...
[2026-08-18 14:53:56] Starting main.py with: C:\Users\Niran_t\Desktop\file_work\ProjectDetection\Motion-Detector\venv\Scripts\python.exe
[2026-08-18 14:54:06] main.py stopped. Exit code = 1
[2026-08-18 14:54:06] Restarting in 3 seconds...
[2026-08-18 14:54:09] Starting main.py with: C:\Users\Niran_t\Desktop\file_work\ProjectDetection\Motion-Detector\venv\Scripts\python.exe
[2026-08-18 14:54:58] Supervisor started.
[2026-08-18 14:54:58] Starting main.py with: C:\Users\Niran_t\Desktop\file_work\ProjectDetection\Motion-Detector\venv\Scripts\python.exe
[2026-08-18 14:55:08] main.py stopped. Exit code = 1
[2026-08-18 14:55:08] Restarting in 3 seconds...
[2026-08-18 14:55:11] Starting main.py with: C:\Users\Niran_t\Desktop\file_work\ProjectDetection\Motion-Detector\venv\Scripts\python.exe
[2026-08-18 14:55:21] main.py stopped. Exit code = 1
[2026-08-18 14:55:21] Restarting in 3 seconds...
[2026-08-18 14:55:24] Starting main.py with: C:\Users\Niran_t\Desktop\file_work\ProjectDetection\Motion-Detector\venv\Scripts\python.exe
[2026-08-18 14:55:34] main.py stopped. Exit code = 1
[2026-08-18 14:55:34] Restarting in 3 seconds...
[2026-08-18 14:55:37] Starting main.py with: C:\Users\Niran_t\Desktop\file_work\ProjectDetection\Motion-Detector\venv\Scripts\python.exe
[2026-08-18 14:55:47] main.py stopped. Exit code = 1
[2026-08-18 14:55:47] Restarting in 3 seconds...
[2026-08-18 14:55:50] Starting main.py with: C:\Users\Niran_t\Desktop\file_work\ProjectDetection\Motion-Detector\venv\Scripts\python.exe
[2026-08-18 14:56:00] main.py stopped. Exit code = 1
[2026-08-18 14:56:00] Restarting in 3 seconds...
[2026-08-18 14:56:03] Starting main.py with: C:\Users\Niran_t\Desktop\file_work\ProjectDetection\Motion-Detector\venv\Scripts\python.exe
[2026-08-18 14:56:13] Heartbeat file not found yet. Waiting...
[2026-08-18 14:56:23] main.py stopped. Exit code = 1
[2026-08-18 14:56:23] Restarting in 3 seconds...
[2026-08-18 14:56:26] Starting main.py with: C:\Users\Niran_t\Desktop\file_work\ProjectDetection\Motion-Detector\venv\Scripts\python.exe
[2026-08-18 14:56:36] Heartbeat file not found yet. Waiting...
[2026-08-18 14:56:46] main.py stopped. Exit code = 1
[2026-08-18 14:56:46] Restarting in 3 seconds...
[2026-08-18 14:56:49] Starting main.py with: C:\Users\Niran_t\Desktop\file_work\ProjectDetection\Motion-Detector\venv\Scripts\python.exe
[2026-08-18 14:56:59] main.py stopped. Exit code = 1
[2026-08-18 14:56:59] Restarting in 3 seconds...
[2026-08-18 14:57:02] Starting main.py with: C:\Users\Niran_t\Desktop\file_work\ProjectDetection\Motion-Detector\venv\Scripts\python.exe
[2026-08-18 14:57:12] main.py stopped. Exit code = 1
[2026-08-18 14:57:12] Restarting in 3 seconds...
[2026-08-18 14:57:15] Starting main.py with: C:\Users\Niran_t\Desktop\file_work\ProjectDetection\Motion-Detector\venv\Scripts\python.exe
[2026-08-18 16:24:39] Supervisor started.
[2026-08-18 16:24:39] Starting main.py with: C:\Users\Niran_t\Desktop\file_work\ProjectDetection\Motion-Detector\venv\Scripts\python.exe
[2026-08-18 16:24:49] main.py stopped. Exit code = 1
[2026-08-18 16:24:49] Restarting in 3 seconds...
[2026-08-18 16:24:52] Starting main.py with: C:\Users\Niran_t\Desktop\file_work\ProjectDetection\Motion-Detector\venv\Scripts\python.exe
[2026-08-18 16:25:02] main.py stopped. Exit code = 1
[2026-08-18 16:25:02] Restarting in 3 seconds...
[2026-08-18 16:25:05] Starting main.py with: C:\Users\Niran_t\Desktop\file_work\ProjectDetection\Motion-Detector\venv\Scripts\python.exe
[2026-08-18 16:25:15] main.py stopped. Exit code = 1
[2026-08-18 16:25:15] Restarting in 3 seconds...
[2026-08-18 16:25:18] Starting main.py with: C:\Users\Niran_t\Desktop\file_work\ProjectDetection\Motion-Detector\venv\Scripts\python.exe
[2026-08-18 16:25:28] Heartbeat file not found yet. Waiting...
[2026-08-18 16:25:38] main.py stopped. Exit code = 1
[2026-08-18 16:25:38] Restarting in 3 seconds...
[2026-08-18 16:25:41] Starting main.py with: C:\Users\Niran_t\Desktop\file_work\ProjectDetection\Motion-Detector\venv\Scripts\python.exe
[2026-08-18 16:25:47] Supervisor started.
[2026-08-18 16:25:47] Starting main.py with: C:\Users\Niran_t\Desktop\file_work\ProjectDetection\Motion-Detector\venv\Scripts\python.exe
[2026-08-18 16:25:57] main.py stopped. Exit code = 1
[2026-08-18 16:25:57] Restarting in 3 seconds...
[2026-08-18 16:26:00] Starting main.py with: C:\Users\Niran_t\Desktop\file_work\ProjectDetection\Motion-Detector\venv\Scripts\python.exe
[2026-08-18 16:26:10] main.py stopped. Exit code = 1
[2026-08-18 16:26:10] Restarting in 3 seconds...
[2026-08-18 16:26:13] Starting main.py with: C:\Users\Niran_t\Desktop\file_work\ProjectDetection\Motion-Detector\venv\Scripts\python.exe
[2026-08-18 16:26:23] main.py stopped. Exit code = 1
[2026-08-18 16:26:23] Restarting in 3 seconds...
[2026-08-18 16:26:26] Starting main.py with: C:\Users\Niran_t\Desktop\file_work\ProjectDetection\Motion-Detector\venv\Scripts\python.exe
[2026-08-18 16:26:36] main.py stopped. Exit code = 1
[2026-08-18 16:26:36] Restarting in 3 seconds...
[2026-08-18 16:26:39] Starting main.py with: C:\Users\Niran_t\Desktop\file_work\ProjectDetection\Motion-Detector\venv\Scripts\python.exe
[2026-08-18 16:26:50] Heartbeat file not found yet. Waiting...
[2026-08-18 16:27:00] main.py stopped. Exit code = 1
[2026-08-18 16:27:00] Restarting in 3 seconds...
[2026-08-18 16:27:03] Starting main.py with: C:\Users\Niran_t\Desktop\file_work\ProjectDetection\Motion-Detector\venv\Scripts\python.exe
[2026-08-18 16:27:13] main.py stopped. Exit code = 1
[2026-08-18 16:27:13] Restarting in 3 seconds...
[2026-08-18 16:27:16] Starting main.py with: C:\Users\Niran_t\Desktop\file_work\ProjectDetection\Motion-Detector\venv\Scripts\python.exe
[2026-08-18 16:27:26] main.py stopped. Exit code = 1
[2026-08-18 16:27:26] Restarting in 3 seconds...
[2026-08-18 16:28:46] Supervisor started.
[2026-08-18 16:28:46] Starting main.py with: C:\Users\Niran_t\Desktop\file_work\ProjectDetection\Motion-Detector\venv\Scripts\python.exe
[2026-08-18 16:28:56] main.py stopped. Exit code = 1
[2026-08-18 16:28:56] Restarting in 3 seconds...
[2026-08-25 08:20:56] Supervisor started.
[2026-08-25 08:20:56] Starting main.py with: C:\Users\Niran_t\Desktop\file_work\ProjectDetection\Motion-Detector\venv\Scripts\python.exe
[2026-08-25 08:21:06] main.py stopped. Exit code = 1
[2026-08-25 08:21:06] Restarting in 3 seconds...
[2026-08-25 08:21:09] Starting main.py with: C:\Users\Niran_t\Desktop\file_work\ProjectDetection\Motion-Detector\venv\Scripts\python.exe
[2026-08-25 08:21:19] main.py stopped. Exit code = 1
[2026-08-25 08:21:19] Restarting in 3 seconds...
[2026-08-25 08:21:22] Starting main.py with: C:\Users\Niran_t\Desktop\file_work\ProjectDetection\Motion-Detector\venv\Scripts\python.exe
[2026-08-25 08:29:56] Supervisor started.
[2026-08-25 08:29:56] Starting main.py with: C:\Users\Niran_t\Desktop\file_work\ProjectDetection\Motion-Detector\venv\Scripts\python.exe
[2026-08-25 08:30:06] main.py stopped. Exit code = 1
[2026-08-25 08:30:06] Restarting in 3 seconds...
[2026-08-25 08:30:10] Starting main.py with: C:\Users\Niran_t\Desktop\file_work\ProjectDetection\Motion-Detector\venv\Scripts\python.exe
[2026-08-26 22:11:27] Supervisor started.
[2026-08-26 22:11:27] Starting main.py with: C:\File_Work\Git_clone\Motion-Detector\venv\Scripts\python.exe
[2026-08-26 22:12:04] Supervisor started.
[2026-08-26 22:12:04] Old heartbeat file removed.
[2026-08-26 22:12:04] Starting main.py with: C:\File_Work\Git_clone\Motion-Detector\venv\Scripts\python.exe
[2026-08-26 22:12:24] main.py stopped. Exit code = 0
[2026-08-26 22:12:24] Restarting in 3 seconds...
[2026-08-26 22:12:27] Old heartbeat file removed.
[2026-08-26 22:12:27] Starting main.py with: C:\File_Work\Git_clone\Motion-Detector\venv\Scripts\python.exe
